Build output check failed:
    Regex: 'command[- ]line option .* is valid for .* but not for C'
    Output line: 'cc1: warning: command-line option ‘-Wnon-virtual-dtor’ is valid for C++/ObjC++ but not for C'
Compilation failed:
    source file: '/home/razanh/Inmind/WebRTC/ros2_bags_stream_via_webrtc/build/CMakeFiles/CMakeTmp/src.c'
    check option: ' -fsigned-char -W -Wall -Wreturn-type  -Wnon-virtual-dtor'
===== BUILD LOG =====
Change Dir: /home/razanh/Inmind/WebRTC/ros2_bags_stream_via_webrtc/build/CMakeFiles/CMakeTmp

Run Build Command(s):/usr/bin/gmake -f Makefile cmTC_bd580/fast && /usr/bin/gmake  -f CMakeFiles/cmTC_bd580.dir/build.make CMakeFiles/cmTC_bd580.dir/build
gmake[1]: Entering directory '/home/razanh/Inmind/WebRTC/ros2_bags_stream_via_webrtc/build/CMakeFiles/CMakeTmp'
Building C object CMakeFiles/cmTC_bd580.dir/src.c.o
/usr/bin/cc   -O3 -DNDEBUG -fPIE    -fsigned-char -W -Wall -Wreturn-type  -Wnon-virtual-dtor -o CMakeFiles/cmTC_bd580.dir/src.c.o -c /home/razanh/Inmind/WebRTC/ros2_bags_stream_via_webrtc/build/CMakeFiles/CMakeTmp/src.c
cc1: warning: command-line option ‘-Wnon-virtual-dtor’ is valid for C++/ObjC++ but not for C
/home/razanh/Inmind/WebRTC/ros2_bags_stream_via_webrtc/build/CMakeFiles/CMakeTmp/src.c:1: warning: ignoring ‘#pragma  ’ [-Wunknown-pragmas]
    1 | #pragma
      | 
Linking C executable cmTC_bd580
/usr/bin/cmake -E cmake_link_script CMakeFiles/cmTC_bd580.dir/link.txt --verbose=1
/usr/bin/cc -O3 -DNDEBUG CMakeFiles/cmTC_bd580.dir/src.c.o -o cmTC_bd580 
gmake[1]: Leaving directory '/home/razanh/Inmind/WebRTC/ros2_bags_stream_via_webrtc/build/CMakeFiles/CMakeTmp'


===== END =====

Build output check failed:
    Regex: 'command[- ]line option .* is valid for .* but not for C\+\+'
    Output line: 'cc1plus: warning: command-line option ‘-Wmissing-prototypes’ is valid for C/ObjC but not for C++'
Compilation failed:
    source file: '/home/razanh/Inmind/WebRTC/ros2_bags_stream_via_webrtc/build/CMakeFiles/CMakeTmp/src.cxx'
    check option: ' -fsigned-char -W -Wall -Wreturn-type -Wnon-virtual-dtor -Waddress -Wsequence-point -Wformat -Wformat-security -Wmissing-declarations  -Wmissing-prototypes'
===== BUILD LOG =====
Change Dir: /home/razanh/Inmind/WebRTC/ros2_bags_stream_via_webrtc/build/CMakeFiles/CMakeTmp

Run Build Command(s):/usr/bin/gmake -f Makefile cmTC_76d3b/fast && /usr/bin/gmake  -f CMakeFiles/cmTC_76d3b.dir/build.make CMakeFiles/cmTC_76d3b.dir/build
gmake[1]: Entering directory '/home/razanh/Inmind/WebRTC/ros2_bags_stream_via_webrtc/build/CMakeFiles/CMakeTmp'
Building CXX object CMakeFiles/cmTC_76d3b.dir/src.cxx.o
/usr/bin/c++   -fPIC  -O3 -DNDEBUG -fPIE    -fsigned-char -W -Wall -Wreturn-type -Wnon-virtual-dtor -Waddress -Wsequence-point -Wformat -Wformat-security -Wmissing-declarations  -Wmissing-prototypes -std=c++11 -o CMakeFiles/cmTC_76d3b.dir/src.cxx.o -c /home/razanh/Inmind/WebRTC/ros2_bags_stream_via_webrtc/build/CMakeFiles/CMakeTmp/src.cxx
cc1plus: warning: command-line option ‘-Wmissing-prototypes’ is valid for C/ObjC but not for C++
/home/razanh/Inmind/WebRTC/ros2_bags_stream_via_webrtc/build/CMakeFiles/CMakeTmp/src.cxx:1: warning: ignoring ‘#pragma  ’ [-Wunknown-pragmas]
    1 | #pragma
      | 
Linking CXX executable cmTC_76d3b
/usr/bin/cmake -E cmake_link_script CMakeFiles/cmTC_76d3b.dir/link.txt --verbose=1
/usr/bin/c++ -fPIC  -O3 -DNDEBUG CMakeFiles/cmTC_76d3b.dir/src.cxx.o -o cmTC_76d3b 
gmake[1]: Leaving directory '/home/razanh/Inmind/WebRTC/ros2_bags_stream_via_webrtc/build/CMakeFiles/CMakeTmp'


===== END =====

Build output check failed:
    Regex: 'command[- ]line option .* is valid for .* but not for C\+\+'
    Output line: 'cc1plus: warning: command-line option ‘-Wstrict-prototypes’ is valid for C/ObjC but not for C++'
Compilation failed:
    source file: '/home/razanh/Inmind/WebRTC/ros2_bags_stream_via_webrtc/build/CMakeFiles/CMakeTmp/src.cxx'
    check option: ' -fsigned-char -W -Wall -Wreturn-type -Wnon-virtual-dtor -Waddress -Wsequence-point -Wformat -Wformat-security -Wmissing-declarations  -Wstrict-prototypes'
===== BUILD LOG =====
Change Dir: /home/razanh/Inmind/WebRTC/ros2_bags_stream_via_webrtc/build/CMakeFiles/CMakeTmp

Run Build Command(s):/usr/bin/gmake -f Makefile cmTC_c432b/fast && /usr/bin/gmake  -f CMakeFiles/cmTC_c432b.dir/build.make CMakeFiles/cmTC_c432b.dir/build
gmake[1]: Entering directory '/home/razanh/Inmind/WebRTC/ros2_bags_stream_via_webrtc/build/CMakeFiles/CMakeTmp'
Building CXX object CMakeFiles/cmTC_c432b.dir/src.cxx.o
/usr/bin/c++   -fPIC  -O3 -DNDEBUG -fPIE    -fsigned-char -W -Wall -Wreturn-type -Wnon-virtual-dtor -Waddress -Wsequence-point -Wformat -Wformat-security -Wmissing-declarations  -Wstrict-prototypes -std=c++11 -o CMakeFiles/cmTC_c432b.dir/src.cxx.o -c /home/razanh/Inmind/WebRTC/ros2_bags_stream_via_webrtc/build/CMakeFiles/CMakeTmp/src.cxx
cc1plus: warning: command-line option ‘-Wstrict-prototypes’ is valid for C/ObjC but not for C++
/home/razanh/Inmind/WebRTC/ros2_bags_stream_via_webrtc/build/CMakeFiles/CMakeTmp/src.cxx:1: warning: ignoring ‘#pragma  ’ [-Wunknown-pragmas]
    1 | #pragma
      | 
Linking CXX executable cmTC_c432b
/usr/bin/cmake -E cmake_link_script CMakeFiles/cmTC_c432b.dir/link.txt --verbose=1
/usr/bin/c++ -fPIC  -O3 -DNDEBUG CMakeFiles/cmTC_c432b.dir/src.cxx.o -o cmTC_c432b 
gmake[1]: Leaving directory '/home/razanh/Inmind/WebRTC/ros2_bags_stream_via_webrtc/build/CMakeFiles/CMakeTmp'


===== END =====

Build output check failed:
    Regex: 'command[- ]line option .* is valid for .* but not for C'
    Output line: 'cc1: warning: command-line option ‘-Wsign-promo’ is valid for C++/ObjC++ but not for C'
Compilation failed:
    source file: '/home/razanh/Inmind/WebRTC/ros2_bags_stream_via_webrtc/build/CMakeFiles/CMakeTmp/src.c'
    check option: ' -fsigned-char -W -Wall -Wreturn-type -Waddress -Wsequence-point -Wformat -Wformat-security -Wmissing-declarations -Wmissing-prototypes -Wstrict-prototypes -Wundef -Winit-self -Wpointer-arith -Wshadow  -Wsign-promo'
===== BUILD LOG =====
Change Dir: /home/razanh/Inmind/WebRTC/ros2_bags_stream_via_webrtc/build/CMakeFiles/CMakeTmp

Run Build Command(s):/usr/bin/gmake -f Makefile cmTC_90db8/fast && /usr/bin/gmake  -f CMakeFiles/cmTC_90db8.dir/build.make CMakeFiles/cmTC_90db8.dir/build
gmake[1]: Entering directory '/home/razanh/Inmind/WebRTC/ros2_bags_stream_via_webrtc/build/CMakeFiles/CMakeTmp'
Building C object CMakeFiles/cmTC_90db8.dir/src.c.o
/usr/bin/cc   -O3 -DNDEBUG -fPIE    -fsigned-char -W -Wall -Wreturn-type -Waddress -Wsequence-point -Wformat -Wformat-security -Wmissing-declarations -Wmissing-prototypes -Wstrict-prototypes -Wundef -Winit-self -Wpointer-arith -Wshadow  -Wsign-promo -o CMakeFiles/cmTC_90db8.dir/src.c.o -c /home/razanh/Inmind/WebRTC/ros2_bags_stream_via_webrtc/build/CMakeFiles/CMakeTmp/src.c
cc1: warning: command-line option ‘-Wsign-promo’ is valid for C++/ObjC++ but not for C
/home/razanh/Inmind/WebRTC/ros2_bags_stream_via_webrtc/build/CMakeFiles/CMakeTmp/src.c:1: warning: ignoring ‘#pragma  ’ [-Wunknown-pragmas]
    1 | #pragma
      | 
Linking C executable cmTC_90db8
/usr/bin/cmake -E cmake_link_script CMakeFiles/cmTC_90db8.dir/link.txt --verbose=1
/usr/bin/cc -O3 -DNDEBUG CMakeFiles/cmTC_90db8.dir/src.c.o -o cmTC_90db8 
gmake[1]: Leaving directory '/home/razanh/Inmind/WebRTC/ros2_bags_stream_via_webrtc/build/CMakeFiles/CMakeTmp'


===== END =====

Build output check failed:
    Regex: 'command[- ]line option .* is valid for .* but not for C'
    Output line: 'cc1: warning: command-line option ‘-Wsuggest-override’ is valid for C++/ObjC++ but not for C'
Compilation failed:
    source file: '/home/razanh/Inmind/WebRTC/ros2_bags_stream_via_webrtc/build/CMakeFiles/CMakeTmp/src.c'
    check option: ' -fsigned-char -W -Wall -Wreturn-type -Waddress -Wsequence-point -Wformat -Wformat-security -Wmissing-declarations -Wmissing-prototypes -Wstrict-prototypes -Wundef -Winit-self -Wpointer-arith -Wshadow -Wuninitialized  -Wsuggest-override'
===== BUILD LOG =====
Change Dir: /home/razanh/Inmind/WebRTC/ros2_bags_stream_via_webrtc/build/CMakeFiles/CMakeTmp

Run Build Command(s):/usr/bin/gmake -f Makefile cmTC_96072/fast && /usr/bin/gmake  -f CMakeFiles/cmTC_96072.dir/build.make CMakeFiles/cmTC_96072.dir/build
gmake[1]: Entering directory '/home/razanh/Inmind/WebRTC/ros2_bags_stream_via_webrtc/build/CMakeFiles/CMakeTmp'
Building C object CMakeFiles/cmTC_96072.dir/src.c.o
/usr/bin/cc   -O3 -DNDEBUG -fPIE    -fsigned-char -W -Wall -Wreturn-type -Waddress -Wsequence-point -Wformat -Wformat-security -Wmissing-declarations -Wmissing-prototypes -Wstrict-prototypes -Wundef -Winit-self -Wpointer-arith -Wshadow -Wuninitialized  -Wsuggest-override -o CMakeFiles/cmTC_96072.dir/src.c.o -c /home/razanh/Inmind/WebRTC/ros2_bags_stream_via_webrtc/build/CMakeFiles/CMakeTmp/src.c
cc1: warning: command-line option ‘-Wsuggest-override’ is valid for C++/ObjC++ but not for C
/home/razanh/Inmind/WebRTC/ros2_bags_stream_via_webrtc/build/CMakeFiles/CMakeTmp/src.c:1: warning: ignoring ‘#pragma  ’ [-Wunknown-pragmas]
    1 | #pragma
      | 
Linking C executable cmTC_96072
/usr/bin/cmake -E cmake_link_script CMakeFiles/cmTC_96072.dir/link.txt --verbose=1
/usr/bin/cc -O3 -DNDEBUG CMakeFiles/cmTC_96072.dir/src.c.o -o cmTC_96072 
gmake[1]: Leaving directory '/home/razanh/Inmind/WebRTC/ros2_bags_stream_via_webrtc/build/CMakeFiles/CMakeTmp'


===== END =====

Build output check failed:
    Regex: 'command[- ]line option .* is valid for .* but not for C'
    Output line: 'cc1: warning: command-line option ‘-Wno-delete-non-virtual-dtor’ is valid for C++/ObjC++ but not for C'
Compilation failed:
    source file: '/home/razanh/Inmind/WebRTC/ros2_bags_stream_via_webrtc/build/CMakeFiles/CMakeTmp/src.c'
    check option: ' -fsigned-char -W -Wall -Wreturn-type -Waddress -Wsequence-point -Wformat -Wformat-security -Wmissing-declarations -Wmissing-prototypes -Wstrict-prototypes -Wundef -Winit-self -Wpointer-arith -Wshadow -Wuninitialized  -Wno-delete-non-virtual-dtor'
===== BUILD LOG =====
Change Dir: /home/razanh/Inmind/WebRTC/ros2_bags_stream_via_webrtc/build/CMakeFiles/CMakeTmp

Run Build Command(s):/usr/bin/gmake -f Makefile cmTC_cf4df/fast && /usr/bin/gmake  -f CMakeFiles/cmTC_cf4df.dir/build.make CMakeFiles/cmTC_cf4df.dir/build
gmake[1]: Entering directory '/home/razanh/Inmind/WebRTC/ros2_bags_stream_via_webrtc/build/CMakeFiles/CMakeTmp'
Building C object CMakeFiles/cmTC_cf4df.dir/src.c.o
/usr/bin/cc   -O3 -DNDEBUG -fPIE    -fsigned-char -W -Wall -Wreturn-type -Waddress -Wsequence-point -Wformat -Wformat-security -Wmissing-declarations -Wmissing-prototypes -Wstrict-prototypes -Wundef -Winit-self -Wpointer-arith -Wshadow -Wuninitialized  -Wno-delete-non-virtual-dtor -o CMakeFiles/cmTC_cf4df.dir/src.c.o -c /home/razanh/Inmind/WebRTC/ros2_bags_stream_via_webrtc/build/CMakeFiles/CMakeTmp/src.c
cc1: warning: command-line option ‘-Wno-delete-non-virtual-dtor’ is valid for C++/ObjC++ but not for C
/home/razanh/Inmind/WebRTC/ros2_bags_stream_via_webrtc/build/CMakeFiles/CMakeTmp/src.c:1: warning: ignoring ‘#pragma  ’ [-Wunknown-pragmas]
    1 | #pragma
      | 
Linking C executable cmTC_cf4df
/usr/bin/cmake -E cmake_link_script CMakeFiles/cmTC_cf4df.dir/link.txt --verbose=1
/usr/bin/cc -O3 -DNDEBUG CMakeFiles/cmTC_cf4df.dir/src.c.o -o cmTC_cf4df 
gmake[1]: Leaving directory '/home/razanh/Inmind/WebRTC/ros2_bags_stream_via_webrtc/build/CMakeFiles/CMakeTmp'


===== END =====

Build output check failed:
    Regex: 'unrecognized .*option'
    Output line: 'cc1plus: note: unrecognized command-line option ‘-Wno-unnamed-type-template-args’ may have been intended to silence earlier diagnostics'
Compilation failed:
    source file: '/home/razanh/Inmind/WebRTC/ros2_bags_stream_via_webrtc/build/CMakeFiles/CMakeTmp/src.cxx'
    check option: ' -fsigned-char -W -Wall -Wreturn-type -Wnon-virtual-dtor -Waddress -Wsequence-point -Wformat -Wformat-security -Wmissing-declarations -Wundef -Winit-self -Wpointer-arith -Wshadow -Wsign-promo -Wuninitialized -Wsuggest-override -Wno-delete-non-virtual-dtor  -Wno-unnamed-type-template-args'
===== BUILD LOG =====
Change Dir: /home/razanh/Inmind/WebRTC/ros2_bags_stream_via_webrtc/build/CMakeFiles/CMakeTmp

Run Build Command(s):/usr/bin/gmake -f Makefile cmTC_aac97/fast && /usr/bin/gmake  -f CMakeFiles/cmTC_aac97.dir/build.make CMakeFiles/cmTC_aac97.dir/build
gmake[1]: Entering directory '/home/razanh/Inmind/WebRTC/ros2_bags_stream_via_webrtc/build/CMakeFiles/CMakeTmp'
Building CXX object CMakeFiles/cmTC_aac97.dir/src.cxx.o
/usr/bin/c++   -fPIC  -O3 -DNDEBUG -fPIE    -fsigned-char -W -Wall -Wreturn-type -Wnon-virtual-dtor -Waddress -Wsequence-point -Wformat -Wformat-security -Wmissing-declarations -Wundef -Winit-self -Wpointer-arith -Wshadow -Wsign-promo -Wuninitialized -Wsuggest-override -Wno-delete-non-virtual-dtor  -Wno-unnamed-type-template-args -std=c++11 -o CMakeFiles/cmTC_aac97.dir/src.cxx.o -c /home/razanh/Inmind/WebRTC/ros2_bags_stream_via_webrtc/build/CMakeFiles/CMakeTmp/src.cxx
/home/razanh/Inmind/WebRTC/ros2_bags_stream_via_webrtc/build/CMakeFiles/CMakeTmp/src.cxx:1: warning: ignoring ‘#pragma  ’ [-Wunknown-pragmas]
    1 | #pragma
      | 
cc1plus: note: unrecognized command-line option ‘-Wno-unnamed-type-template-args’ may have been intended to silence earlier diagnostics
Linking CXX executable cmTC_aac97
/usr/bin/cmake -E cmake_link_script CMakeFiles/cmTC_aac97.dir/link.txt --verbose=1
/usr/bin/c++ -fPIC  -O3 -DNDEBUG CMakeFiles/cmTC_aac97.dir/src.cxx.o -o cmTC_aac97 
gmake[1]: Leaving directory '/home/razanh/Inmind/WebRTC/ros2_bags_stream_via_webrtc/build/CMakeFiles/CMakeTmp'


===== END =====

Build output check failed:
    Regex: 'unrecognized .*option'
    Output line: 'cc1: note: unrecognized command-line option ‘-Wno-unnamed-type-template-args’ may have been intended to silence earlier diagnostics'
Compilation failed:
    source file: '/home/razanh/Inmind/WebRTC/ros2_bags_stream_via_webrtc/build/CMakeFiles/CMakeTmp/src.c'
    check option: ' -fsigned-char -W -Wall -Wreturn-type -Waddress -Wsequence-point -Wformat -Wformat-security -Wmissing-declarations -Wmissing-prototypes -Wstrict-prototypes -Wundef -Winit-self -Wpointer-arith -Wshadow -Wuninitialized  -Wno-unnamed-type-template-args'
===== BUILD LOG =====
Change Dir: /home/razanh/Inmind/WebRTC/ros2_bags_stream_via_webrtc/build/CMakeFiles/CMakeTmp

Run Build Command(s):/usr/bin/gmake -f Makefile cmTC_ec567/fast && /usr/bin/gmake  -f CMakeFiles/cmTC_ec567.dir/build.make CMakeFiles/cmTC_ec567.dir/build
gmake[1]: Entering directory '/home/razanh/Inmind/WebRTC/ros2_bags_stream_via_webrtc/build/CMakeFiles/CMakeTmp'
Building C object CMakeFiles/cmTC_ec567.dir/src.c.o
/usr/bin/cc   -O3 -DNDEBUG -fPIE    -fsigned-char -W -Wall -Wreturn-type -Waddress -Wsequence-point -Wformat -Wformat-security -Wmissing-declarations -Wmissing-prototypes -Wstrict-prototypes -Wundef -Winit-self -Wpointer-arith -Wshadow -Wuninitialized  -Wno-unnamed-type-template-args -o CMakeFiles/cmTC_ec567.dir/src.c.o -c /home/razanh/Inmind/WebRTC/ros2_bags_stream_via_webrtc/build/CMakeFiles/CMakeTmp/src.c
/home/razanh/Inmind/WebRTC/ros2_bags_stream_via_webrtc/build/CMakeFiles/CMakeTmp/src.c:1: warning: ignoring ‘#pragma  ’ [-Wunknown-pragmas]
    1 | #pragma
      | 
cc1: note: unrecognized command-line option ‘-Wno-unnamed-type-template-args’ may have been intended to silence earlier diagnostics
Linking C executable cmTC_ec567
/usr/bin/cmake -E cmake_link_script CMakeFiles/cmTC_ec567.dir/link.txt --verbose=1
/usr/bin/cc -O3 -DNDEBUG CMakeFiles/cmTC_ec567.dir/src.c.o -o cmTC_ec567 
gmake[1]: Leaving directory '/home/razanh/Inmind/WebRTC/ros2_bags_stream_via_webrtc/build/CMakeFiles/CMakeTmp'


===== END =====

Build output check failed:
    Regex: 'command[- ]line option .* is valid for .* but not for C'
    Output line: 'cc1: warning: command-line option ‘-fvisibility-inlines-hidden’ is valid for C++/ObjC++ but not for C'
Compilation failed:
    source file: '/home/razanh/Inmind/WebRTC/ros2_bags_stream_via_webrtc/build/CMakeFiles/CMakeTmp/src.c'
    check option: ' -fsigned-char -W -Wall -Wreturn-type -Waddress -Wsequence-point -Wformat -Wformat-security -Wmissing-declarations -Wmissing-prototypes -Wstrict-prototypes -Wundef -Winit-self -Wpointer-arith -Wshadow -Wuninitialized -Wno-comment -Wimplicit-fallthrough=3 -Wno-strict-overflow -fdiagnostics-show-option -Wno-long-long -pthread -fomit-frame-pointer -ffunction-sections -fdata-sections  -msse -msse2 -msse3 -fvisibility=hidden  -fvisibility-inlines-hidden'
===== BUILD LOG =====
Change Dir: /home/razanh/Inmind/WebRTC/ros2_bags_stream_via_webrtc/build/CMakeFiles/CMakeTmp

Run Build Command(s):/usr/bin/gmake -f Makefile cmTC_45985/fast && /usr/bin/gmake  -f CMakeFiles/cmTC_45985.dir/build.make CMakeFiles/cmTC_45985.dir/build
gmake[1]: Entering directory '/home/razanh/Inmind/WebRTC/ros2_bags_stream_via_webrtc/build/CMakeFiles/CMakeTmp'
Building C object CMakeFiles/cmTC_45985.dir/src.c.o
/usr/bin/cc   -O3 -DNDEBUG -fPIE    -fsigned-char -W -Wall -Wreturn-type -Waddress -Wsequence-point -Wformat -Wformat-security -Wmissing-declarations -Wmissing-prototypes -Wstrict-prototypes -Wundef -Winit-self -Wpointer-arith -Wshadow -Wuninitialized -Wno-comment -Wimplicit-fallthrough=3 -Wno-strict-overflow -fdiagnostics-show-option -Wno-long-long -pthread -fomit-frame-pointer -ffunction-sections -fdata-sections  -msse -msse2 -msse3 -fvisibility=hidden  -fvisibility-inlines-hidden -o CMakeFiles/cmTC_45985.dir/src.c.o -c /home/razanh/Inmind/WebRTC/ros2_bags_stream_via_webrtc/build/CMakeFiles/CMakeTmp/src.c
cc1: warning: command-line option ‘-fvisibility-inlines-hidden’ is valid for C++/ObjC++ but not for C
/home/razanh/Inmind/WebRTC/ros2_bags_stream_via_webrtc/build/CMakeFiles/CMakeTmp/src.c:1: warning: ignoring ‘#pragma  ’ [-Wunknown-pragmas]
    1 | #pragma
      | 
Linking C executable cmTC_45985
/usr/bin/cmake -E cmake_link_script CMakeFiles/cmTC_45985.dir/link.txt --verbose=1
/usr/bin/cc -O3 -DNDEBUG CMakeFiles/cmTC_45985.dir/src.c.o -o cmTC_45985 
gmake[1]: Leaving directory '/home/razanh/Inmind/WebRTC/ros2_bags_stream_via_webrtc/build/CMakeFiles/CMakeTmp'


===== END =====

Determining size of off64_t failed with the following output:
Change Dir: /home/razanh/Inmind/WebRTC/ros2_bags_stream_via_webrtc/build/CMakeFiles/CMakeTmp

Run Build Command(s):/usr/bin/gmake -f Makefile cmTC_7129b/fast && /usr/bin/gmake  -f CMakeFiles/cmTC_7129b.dir/build.make CMakeFiles/cmTC_7129b.dir/build
gmake[1]: Entering directory '/home/razanh/Inmind/WebRTC/ros2_bags_stream_via_webrtc/build/CMakeFiles/CMakeTmp'
Building C object CMakeFiles/cmTC_7129b.dir/OFF64_T.c.o
/usr/bin/cc   -fsigned-char -W -Wall -Wreturn-type -Waddress -Wsequence-point -Wformat -Wformat-security -Wmissing-declarations -Wmissing-prototypes -Wstrict-prototypes -Wundef -Winit-self -Wpointer-arith -Wshadow -Wuninitialized -Wno-comment -Wimplicit-fallthrough=3 -Wno-strict-overflow -fdiagnostics-show-option -Wno-long-long -pthread -fomit-frame-pointer -ffunction-sections -fdata-sections  -msse -msse2 -msse3 -fvisibility=hidden  -O3 -DNDEBUG  -DNDEBUG -fPIE -o CMakeFiles/cmTC_7129b.dir/OFF64_T.c.o -c /home/razanh/Inmind/WebRTC/ros2_bags_stream_via_webrtc/build/CMakeFiles/CheckTypeSize/OFF64_T.c
/home/razanh/Inmind/WebRTC/ros2_bags_stream_via_webrtc/build/CMakeFiles/CheckTypeSize/OFF64_T.c:27:22: error: ‘off64_t’ undeclared here (not in a function); did you mean ‘off_t’?
   27 | #define SIZE (sizeof(off64_t))
      |                      ^~~~~~~
/home/razanh/Inmind/WebRTC/ros2_bags_stream_via_webrtc/build/CMakeFiles/CheckTypeSize/OFF64_T.c:29:12: note: in expansion of macro ‘SIZE’
   29 |   ('0' + ((SIZE / 10000)%10)),
      |            ^~~~
gmake[1]: *** [CMakeFiles/cmTC_7129b.dir/build.make:78: CMakeFiles/cmTC_7129b.dir/OFF64_T.c.o] Error 1
gmake[1]: Leaving directory '/home/razanh/Inmind/WebRTC/ros2_bags_stream_via_webrtc/build/CMakeFiles/CMakeTmp'
gmake: *** [Makefile:127: cmTC_7129b/fast] Error 2


/home/razanh/Inmind/WebRTC/ros2_bags_stream_via_webrtc/build/CMakeFiles/CheckTypeSize/OFF64_T.c:
#include <sys/types.h>
#include <stdint.h>
#include <stddef.h>


#undef KEY
#if defined(__i386)
# define KEY '_','_','i','3','8','6'
#elif defined(__x86_64)
# define KEY '_','_','x','8','6','_','6','4'
#elif defined(__PPC64__)
# define KEY '_','_','P','P','C','6','4','_','_'
#elif defined(__ppc64__)
# define KEY '_','_','p','p','c','6','4','_','_'
#elif defined(__PPC__)
# define KEY '_','_','P','P','C','_','_'
#elif defined(__ppc__)
# define KEY '_','_','p','p','c','_','_'
#elif defined(__aarch64__)
# define KEY '_','_','a','a','r','c','h','6','4','_','_'
#elif defined(__ARM_ARCH_7A__)
# define KEY '_','_','A','R','M','_','A','R','C','H','_','7','A','_','_'
#elif defined(__ARM_ARCH_7S__)
# define KEY '_','_','A','R','M','_','A','R','C','H','_','7','S','_','_'
#endif

#define SIZE (sizeof(off64_t))
static char info_size[] =  {'I', 'N', 'F', 'O', ':', 's','i','z','e','[',
  ('0' + ((SIZE / 10000)%10)),
  ('0' + ((SIZE / 1000)%10)),
  ('0' + ((SIZE / 100)%10)),
  ('0' + ((SIZE / 10)%10)),
  ('0' +  (SIZE    % 10)),
  ']',
#ifdef KEY
  ' ','k','e','y','[', KEY, ']',
#endif
  '\0'};

#ifdef __CLASSIC_C__
int main(argc, argv) int argc; char *argv[];
#else
int main(int argc, char *argv[])
#endif
{
  int require = 0;
  require += info_size[argc];
  (void)argv;
  return require;
}


Build output check failed:
    Regex: 'unrecognized .*option'
    Output line: 'cc1: note: unrecognized command-line option ‘-Wno-shorten-64-to-32’ may have been intended to silence earlier diagnostics'
Compilation failed:
    source file: '/home/razanh/Inmind/WebRTC/ros2_bags_stream_via_webrtc/build/CMakeFiles/CMakeTmp/src.c'
    check option: ' -Wno-shorten-64-to-32'
===== BUILD LOG =====
Change Dir: /home/razanh/Inmind/WebRTC/ros2_bags_stream_via_webrtc/build/CMakeFiles/CMakeTmp

Run Build Command(s):/usr/bin/gmake -f Makefile cmTC_ce83a/fast && /usr/bin/gmake  -f CMakeFiles/cmTC_ce83a.dir/build.make CMakeFiles/cmTC_ce83a.dir/build
gmake[1]: Entering directory '/home/razanh/Inmind/WebRTC/ros2_bags_stream_via_webrtc/build/CMakeFiles/CMakeTmp'
Building C object CMakeFiles/cmTC_ce83a.dir/src.c.o
/usr/bin/cc   -fsigned-char -W -Wall -Wreturn-type -Waddress -Wsequence-point -Wformat -Wformat-security -Wmissing-declarations -Wmissing-prototypes -Wstrict-prototypes -Wundef -Winit-self -Wpointer-arith -Wshadow -Wuninitialized -Wno-comment -Wimplicit-fallthrough=3 -Wno-strict-overflow -fdiagnostics-show-option -Wno-long-long -pthread -fomit-frame-pointer -ffunction-sections -fdata-sections  -msse -msse2 -msse3 -fvisibility=hidden  -O3 -DNDEBUG  -DNDEBUG -fPIE    -Wno-shorten-64-to-32 -o CMakeFiles/cmTC_ce83a.dir/src.c.o -c /home/razanh/Inmind/WebRTC/ros2_bags_stream_via_webrtc/build/CMakeFiles/CMakeTmp/src.c
/home/razanh/Inmind/WebRTC/ros2_bags_stream_via_webrtc/build/CMakeFiles/CMakeTmp/src.c:1: warning: ignoring ‘#pragma  ’ [-Wunknown-pragmas]
    1 | #pragma
      | 
cc1: note: unrecognized command-line option ‘-Wno-shorten-64-to-32’ may have been intended to silence earlier diagnostics
Linking C executable cmTC_ce83a
/usr/bin/cmake -E cmake_link_script CMakeFiles/cmTC_ce83a.dir/link.txt --verbose=1
/usr/bin/cc    -fsigned-char -W -Wall -Wreturn-type -Waddress -Wsequence-point -Wformat -Wformat-security -Wmissing-declarations -Wmissing-prototypes -Wstrict-prototypes -Wundef -Winit-self -Wpointer-arith -Wshadow -Wuninitialized -Wno-comment -Wimplicit-fallthrough=3 -Wno-strict-overflow -fdiagnostics-show-option -Wno-long-long -pthread -fomit-frame-pointer -ffunction-sections -fdata-sections  -msse -msse2 -msse3 -fvisibility=hidden  -O3 -DNDEBUG  -DNDEBUG   -Wl,--gc-sections -Wl,--as-needed -Wl,--no-undefined  CMakeFiles/cmTC_ce83a.dir/src.c.o -o cmTC_ce83a 
gmake[1]: Leaving directory '/home/razanh/Inmind/WebRTC/ros2_bags_stream_via_webrtc/build/CMakeFiles/CMakeTmp'


===== END =====

Looking for a ASM_NASM compiler failed with the following output:
-- The ASM_NASM compiler identification is unknown
-- Didn't find assembler
CMake Error at CMakeLists.txt:2 (project):
  No CMAKE_ASM_NASM_COMPILER could be found.

  Tell CMake where to find the compiler by setting either the environment
  variable "ASM_NASM" or the CMake cache entry CMAKE_ASM_NASM_COMPILER to the
  full path to the compiler, or to the compiler name if it is in the PATH.


-- Configuring incomplete, errors occurred!
See also "/home/razanh/Inmind/WebRTC/ros2_bags_stream_via_webrtc/build/opentera-webrtc-native-client/3rdParty/opencv/3rdparty/libjpeg-turbo/src/simd/CMakeFiles/CheckASM_NASM/CMakeFiles/CMakeOutput.log".
See also "/home/razanh/Inmind/WebRTC/ros2_bags_stream_via_webrtc/build/opentera-webrtc-native-client/3rdParty/opencv/3rdparty/libjpeg-turbo/src/simd/CMakeFiles/CheckASM_NASM/CMakeFiles/CMakeError.log".

Determining if the include file io.h exists failed with the following output:
Change Dir: /home/razanh/Inmind/WebRTC/ros2_bags_stream_via_webrtc/build/CMakeFiles/CMakeTmp

Run Build Command(s):/usr/bin/gmake -f Makefile cmTC_796e2/fast && /usr/bin/gmake  -f CMakeFiles/cmTC_796e2.dir/build.make CMakeFiles/cmTC_796e2.dir/build
gmake[1]: Entering directory '/home/razanh/Inmind/WebRTC/ros2_bags_stream_via_webrtc/build/CMakeFiles/CMakeTmp'
Building C object CMakeFiles/cmTC_796e2.dir/CheckIncludeFile.c.o
/usr/bin/cc   -fsigned-char -W -Wall -Wreturn-type -Waddress -Wsequence-point -Wformat -Wformat-security -Wmissing-declarations -Wmissing-prototypes -Wstrict-prototypes -Wundef -Winit-self -Wpointer-arith -Wshadow -Wuninitialized -Wno-comment -Wimplicit-fallthrough=3 -Wno-strict-overflow -fdiagnostics-show-option -Wno-long-long -pthread -fomit-frame-pointer -ffunction-sections -fdata-sections  -msse -msse2 -msse3 -fvisibility=hidden  -O3 -DNDEBUG  -DNDEBUG -fPIE -o CMakeFiles/cmTC_796e2.dir/CheckIncludeFile.c.o -c /home/razanh/Inmind/WebRTC/ros2_bags_stream_via_webrtc/build/CMakeFiles/CMakeTmp/CheckIncludeFile.c
/home/razanh/Inmind/WebRTC/ros2_bags_stream_via_webrtc/build/CMakeFiles/CMakeTmp/CheckIncludeFile.c:1:10: fatal error: io.h: No such file or directory
    1 | #include <io.h>
      |          ^~~~~~
compilation terminated.
gmake[1]: *** [CMakeFiles/cmTC_796e2.dir/build.make:78: CMakeFiles/cmTC_796e2.dir/CheckIncludeFile.c.o] Error 1
gmake[1]: Leaving directory '/home/razanh/Inmind/WebRTC/ros2_bags_stream_via_webrtc/build/CMakeFiles/CMakeTmp'
gmake: *** [Makefile:127: cmTC_796e2/fast] Error 2



Determining size of INT8 failed with the following output:
Change Dir: /home/razanh/Inmind/WebRTC/ros2_bags_stream_via_webrtc/build/CMakeFiles/CMakeTmp

Run Build Command(s):/usr/bin/gmake -f Makefile cmTC_826f2/fast && /usr/bin/gmake  -f CMakeFiles/cmTC_826f2.dir/build.make CMakeFiles/cmTC_826f2.dir/build
gmake[1]: Entering directory '/home/razanh/Inmind/WebRTC/ros2_bags_stream_via_webrtc/build/CMakeFiles/CMakeTmp'
Building C object CMakeFiles/cmTC_826f2.dir/int8.c.o
/usr/bin/cc   -fsigned-char -W -Wall -Wreturn-type -Waddress -Wsequence-point -Wformat -Wformat-security -Wmissing-declarations -Wmissing-prototypes -Wstrict-prototypes -Wundef -Winit-self -Wpointer-arith -Wshadow -Wuninitialized -Wno-comment -Wimplicit-fallthrough=3 -Wno-strict-overflow -fdiagnostics-show-option -Wno-long-long -pthread -fomit-frame-pointer -ffunction-sections -fdata-sections  -msse -msse2 -msse3 -fvisibility=hidden  -O3 -DNDEBUG  -DNDEBUG -fPIE -o CMakeFiles/cmTC_826f2.dir/int8.c.o -c /home/razanh/Inmind/WebRTC/ros2_bags_stream_via_webrtc/build/CMakeFiles/CheckTypeSize/int8.c
/home/razanh/Inmind/WebRTC/ros2_bags_stream_via_webrtc/build/CMakeFiles/CheckTypeSize/int8.c:27:22: error: ‘INT8’ undeclared here (not in a function); did you mean ‘INT8_C’?
   27 | #define SIZE (sizeof(INT8))
      |                      ^~~~
/home/razanh/Inmind/WebRTC/ros2_bags_stream_via_webrtc/build/CMakeFiles/CheckTypeSize/int8.c:29:12: note: in expansion of macro ‘SIZE’
   29 |   ('0' + ((SIZE / 10000)%10)),
      |            ^~~~
gmake[1]: *** [CMakeFiles/cmTC_826f2.dir/build.make:78: CMakeFiles/cmTC_826f2.dir/int8.c.o] Error 1
gmake[1]: Leaving directory '/home/razanh/Inmind/WebRTC/ros2_bags_stream_via_webrtc/build/CMakeFiles/CMakeTmp'
gmake: *** [Makefile:127: cmTC_826f2/fast] Error 2


/home/razanh/Inmind/WebRTC/ros2_bags_stream_via_webrtc/build/CMakeFiles/CheckTypeSize/int8.c:
#include <sys/types.h>
#include <stdint.h>
#include <stddef.h>


#undef KEY
#if defined(__i386)
# define KEY '_','_','i','3','8','6'
#elif defined(__x86_64)
# define KEY '_','_','x','8','6','_','6','4'
#elif defined(__PPC64__)
# define KEY '_','_','P','P','C','6','4','_','_'
#elif defined(__ppc64__)
# define KEY '_','_','p','p','c','6','4','_','_'
#elif defined(__PPC__)
# define KEY '_','_','P','P','C','_','_'
#elif defined(__ppc__)
# define KEY '_','_','p','p','c','_','_'
#elif defined(__aarch64__)
# define KEY '_','_','a','a','r','c','h','6','4','_','_'
#elif defined(__ARM_ARCH_7A__)
# define KEY '_','_','A','R','M','_','A','R','C','H','_','7','A','_','_'
#elif defined(__ARM_ARCH_7S__)
# define KEY '_','_','A','R','M','_','A','R','C','H','_','7','S','_','_'
#endif

#define SIZE (sizeof(INT8))
static char info_size[] =  {'I', 'N', 'F', 'O', ':', 's','i','z','e','[',
  ('0' + ((SIZE / 10000)%10)),
  ('0' + ((SIZE / 1000)%10)),
  ('0' + ((SIZE / 100)%10)),
  ('0' + ((SIZE / 10)%10)),
  ('0' +  (SIZE    % 10)),
  ']',
#ifdef KEY
  ' ','k','e','y','[', KEY, ']',
#endif
  '\0'};

#ifdef __CLASSIC_C__
int main(argc, argv) int argc; char *argv[];
#else
int main(int argc, char *argv[])
#endif
{
  int require = 0;
  require += info_size[argc];
  (void)argv;
  return require;
}


Determining size of INT16 failed with the following output:
Change Dir: /home/razanh/Inmind/WebRTC/ros2_bags_stream_via_webrtc/build/CMakeFiles/CMakeTmp

Run Build Command(s):/usr/bin/gmake -f Makefile cmTC_2d014/fast && /usr/bin/gmake  -f CMakeFiles/cmTC_2d014.dir/build.make CMakeFiles/cmTC_2d014.dir/build
gmake[1]: Entering directory '/home/razanh/Inmind/WebRTC/ros2_bags_stream_via_webrtc/build/CMakeFiles/CMakeTmp'
Building C object CMakeFiles/cmTC_2d014.dir/int16.c.o
/usr/bin/cc   -fsigned-char -W -Wall -Wreturn-type -Waddress -Wsequence-point -Wformat -Wformat-security -Wmissing-declarations -Wmissing-prototypes -Wstrict-prototypes -Wundef -Winit-self -Wpointer-arith -Wshadow -Wuninitialized -Wno-comment -Wimplicit-fallthrough=3 -Wno-strict-overflow -fdiagnostics-show-option -Wno-long-long -pthread -fomit-frame-pointer -ffunction-sections -fdata-sections  -msse -msse2 -msse3 -fvisibility=hidden  -O3 -DNDEBUG  -DNDEBUG -fPIE -o CMakeFiles/cmTC_2d014.dir/int16.c.o -c /home/razanh/Inmind/WebRTC/ros2_bags_stream_via_webrtc/build/CMakeFiles/CheckTypeSize/int16.c
/home/razanh/Inmind/WebRTC/ros2_bags_stream_via_webrtc/build/CMakeFiles/CheckTypeSize/int16.c:27:22: error: ‘INT16’ undeclared here (not in a function); did you mean ‘INT16_C’?
   27 | #define SIZE (sizeof(INT16))
      |                      ^~~~~
/home/razanh/Inmind/WebRTC/ros2_bags_stream_via_webrtc/build/CMakeFiles/CheckTypeSize/int16.c:29:12: note: in expansion of macro ‘SIZE’
   29 |   ('0' + ((SIZE / 10000)%10)),
      |            ^~~~
gmake[1]: *** [CMakeFiles/cmTC_2d014.dir/build.make:78: CMakeFiles/cmTC_2d014.dir/int16.c.o] Error 1
gmake[1]: Leaving directory '/home/razanh/Inmind/WebRTC/ros2_bags_stream_via_webrtc/build/CMakeFiles/CMakeTmp'
gmake: *** [Makefile:127: cmTC_2d014/fast] Error 2


/home/razanh/Inmind/WebRTC/ros2_bags_stream_via_webrtc/build/CMakeFiles/CheckTypeSize/int16.c:
#include <sys/types.h>
#include <stdint.h>
#include <stddef.h>


#undef KEY
#if defined(__i386)
# define KEY '_','_','i','3','8','6'
#elif defined(__x86_64)
# define KEY '_','_','x','8','6','_','6','4'
#elif defined(__PPC64__)
# define KEY '_','_','P','P','C','6','4','_','_'
#elif defined(__ppc64__)
# define KEY '_','_','p','p','c','6','4','_','_'
#elif defined(__PPC__)
# define KEY '_','_','P','P','C','_','_'
#elif defined(__ppc__)
# define KEY '_','_','p','p','c','_','_'
#elif defined(__aarch64__)
# define KEY '_','_','a','a','r','c','h','6','4','_','_'
#elif defined(__ARM_ARCH_7A__)
# define KEY '_','_','A','R','M','_','A','R','C','H','_','7','A','_','_'
#elif defined(__ARM_ARCH_7S__)
# define KEY '_','_','A','R','M','_','A','R','C','H','_','7','S','_','_'
#endif

#define SIZE (sizeof(INT16))
static char info_size[] =  {'I', 'N', 'F', 'O', ':', 's','i','z','e','[',
  ('0' + ((SIZE / 10000)%10)),
  ('0' + ((SIZE / 1000)%10)),
  ('0' + ((SIZE / 100)%10)),
  ('0' + ((SIZE / 10)%10)),
  ('0' +  (SIZE    % 10)),
  ']',
#ifdef KEY
  ' ','k','e','y','[', KEY, ']',
#endif
  '\0'};

#ifdef __CLASSIC_C__
int main(argc, argv) int argc; char *argv[];
#else
int main(int argc, char *argv[])
#endif
{
  int require = 0;
  require += info_size[argc];
  (void)argv;
  return require;
}


Determining size of INT32 failed with the following output:
Change Dir: /home/razanh/Inmind/WebRTC/ros2_bags_stream_via_webrtc/build/CMakeFiles/CMakeTmp

Run Build Command(s):/usr/bin/gmake -f Makefile cmTC_f00c0/fast && /usr/bin/gmake  -f CMakeFiles/cmTC_f00c0.dir/build.make CMakeFiles/cmTC_f00c0.dir/build
gmake[1]: Entering directory '/home/razanh/Inmind/WebRTC/ros2_bags_stream_via_webrtc/build/CMakeFiles/CMakeTmp'
Building C object CMakeFiles/cmTC_f00c0.dir/int32.c.o
/usr/bin/cc   -fsigned-char -W -Wall -Wreturn-type -Waddress -Wsequence-point -Wformat -Wformat-security -Wmissing-declarations -Wmissing-prototypes -Wstrict-prototypes -Wundef -Winit-self -Wpointer-arith -Wshadow -Wuninitialized -Wno-comment -Wimplicit-fallthrough=3 -Wno-strict-overflow -fdiagnostics-show-option -Wno-long-long -pthread -fomit-frame-pointer -ffunction-sections -fdata-sections  -msse -msse2 -msse3 -fvisibility=hidden  -O3 -DNDEBUG  -DNDEBUG -fPIE -o CMakeFiles/cmTC_f00c0.dir/int32.c.o -c /home/razanh/Inmind/WebRTC/ros2_bags_stream_via_webrtc/build/CMakeFiles/CheckTypeSize/int32.c
/home/razanh/Inmind/WebRTC/ros2_bags_stream_via_webrtc/build/CMakeFiles/CheckTypeSize/int32.c:27:22: error: ‘INT32’ undeclared here (not in a function); did you mean ‘INT32_C’?
   27 | #define SIZE (sizeof(INT32))
      |                      ^~~~~
/home/razanh/Inmind/WebRTC/ros2_bags_stream_via_webrtc/build/CMakeFiles/CheckTypeSize/int32.c:29:12: note: in expansion of macro ‘SIZE’
   29 |   ('0' + ((SIZE / 10000)%10)),
      |            ^~~~
gmake[1]: *** [CMakeFiles/cmTC_f00c0.dir/build.make:78: CMakeFiles/cmTC_f00c0.dir/int32.c.o] Error 1
gmake[1]: Leaving directory '/home/razanh/Inmind/WebRTC/ros2_bags_stream_via_webrtc/build/CMakeFiles/CMakeTmp'
gmake: *** [Makefile:127: cmTC_f00c0/fast] Error 2


/home/razanh/Inmind/WebRTC/ros2_bags_stream_via_webrtc/build/CMakeFiles/CheckTypeSize/int32.c:
#include <sys/types.h>
#include <stdint.h>
#include <stddef.h>


#undef KEY
#if defined(__i386)
# define KEY '_','_','i','3','8','6'
#elif defined(__x86_64)
# define KEY '_','_','x','8','6','_','6','4'
#elif defined(__PPC64__)
# define KEY '_','_','P','P','C','6','4','_','_'
#elif defined(__ppc64__)
# define KEY '_','_','p','p','c','6','4','_','_'
#elif defined(__PPC__)
# define KEY '_','_','P','P','C','_','_'
#elif defined(__ppc__)
# define KEY '_','_','p','p','c','_','_'
#elif defined(__aarch64__)
# define KEY '_','_','a','a','r','c','h','6','4','_','_'
#elif defined(__ARM_ARCH_7A__)
# define KEY '_','_','A','R','M','_','A','R','C','H','_','7','A','_','_'
#elif defined(__ARM_ARCH_7S__)
# define KEY '_','_','A','R','M','_','A','R','C','H','_','7','S','_','_'
#endif

#define SIZE (sizeof(INT32))
static char info_size[] =  {'I', 'N', 'F', 'O', ':', 's','i','z','e','[',
  ('0' + ((SIZE / 10000)%10)),
  ('0' + ((SIZE / 1000)%10)),
  ('0' + ((SIZE / 100)%10)),
  ('0' + ((SIZE / 10)%10)),
  ('0' +  (SIZE    % 10)),
  ']',
#ifdef KEY
  ' ','k','e','y','[', KEY, ']',
#endif
  '\0'};

#ifdef __CLASSIC_C__
int main(argc, argv) int argc; char *argv[];
#else
int main(int argc, char *argv[])
#endif
{
  int require = 0;
  require += info_size[argc];
  (void)argv;
  return require;
}


Determining if the function setmode exists failed with the following output:
Change Dir: /home/razanh/Inmind/WebRTC/ros2_bags_stream_via_webrtc/build/CMakeFiles/CMakeTmp

Run Build Command(s):/usr/bin/gmake -f Makefile cmTC_6b725/fast && /usr/bin/gmake  -f CMakeFiles/cmTC_6b725.dir/build.make CMakeFiles/cmTC_6b725.dir/build
gmake[1]: Entering directory '/home/razanh/Inmind/WebRTC/ros2_bags_stream_via_webrtc/build/CMakeFiles/CMakeTmp'
Building C object CMakeFiles/cmTC_6b725.dir/CheckFunctionExists.c.o
/usr/bin/cc   -fsigned-char -W -Wall -Wreturn-type -Waddress -Wsequence-point -Wformat -Wformat-security -Wmissing-declarations -Wmissing-prototypes -Wstrict-prototypes -Wundef -Winit-self -Wpointer-arith -Wshadow -Wuninitialized -Wno-comment -Wimplicit-fallthrough=3 -Wno-strict-overflow -fdiagnostics-show-option -Wno-long-long -pthread -fomit-frame-pointer -ffunction-sections -fdata-sections  -msse -msse2 -msse3 -fvisibility=hidden -DCHECK_FUNCTION_EXISTS=setmode -O3 -DNDEBUG  -DNDEBUG -fPIE -o CMakeFiles/cmTC_6b725.dir/CheckFunctionExists.c.o -c /usr/share/cmake-3.22/Modules/CheckFunctionExists.c
Linking C executable cmTC_6b725
/usr/bin/cmake -E cmake_link_script CMakeFiles/cmTC_6b725.dir/link.txt --verbose=1
/usr/bin/cc    -fsigned-char -W -Wall -Wreturn-type -Waddress -Wsequence-point -Wformat -Wformat-security -Wmissing-declarations -Wmissing-prototypes -Wstrict-prototypes -Wundef -Winit-self -Wpointer-arith -Wshadow -Wuninitialized -Wno-comment -Wimplicit-fallthrough=3 -Wno-strict-overflow -fdiagnostics-show-option -Wno-long-long -pthread -fomit-frame-pointer -ffunction-sections -fdata-sections  -msse -msse2 -msse3 -fvisibility=hidden -DCHECK_FUNCTION_EXISTS=setmode -O3 -DNDEBUG  -DNDEBUG   -Wl,--gc-sections -Wl,--as-needed -Wl,--no-undefined  CMakeFiles/cmTC_6b725.dir/CheckFunctionExists.c.o -o cmTC_6b725 
/usr/bin/ld: CMakeFiles/cmTC_6b725.dir/CheckFunctionExists.c.o: in function `main':
CheckFunctionExists.c:(.text.startup.main+0x10): undefined reference to `setmode'
collect2: error: ld returned 1 exit status
gmake[1]: *** [CMakeFiles/cmTC_6b725.dir/build.make:99: cmTC_6b725] Error 1
gmake[1]: Leaving directory '/home/razanh/Inmind/WebRTC/ros2_bags_stream_via_webrtc/build/CMakeFiles/CMakeTmp'
gmake: *** [Makefile:127: cmTC_6b725/fast] Error 2



Build output check failed:
    Regex: 'command[- ]line option .* is valid for .* but not for C\+\+'
    Output line: 'cc1plus: warning: command-line option ‘-Wno-missing-prototypes’ is valid for C/ObjC but not for C++'
Compilation failed:
    source file: '/home/razanh/Inmind/WebRTC/ros2_bags_stream_via_webrtc/build/CMakeFiles/CMakeTmp/src.cxx'
    check option: ' -Wno-missing-prototypes'
===== BUILD LOG =====
Change Dir: /home/razanh/Inmind/WebRTC/ros2_bags_stream_via_webrtc/build/CMakeFiles/CMakeTmp

Run Build Command(s):/usr/bin/gmake -f Makefile cmTC_bdd5a/fast && /usr/bin/gmake  -f CMakeFiles/cmTC_bdd5a.dir/build.make CMakeFiles/cmTC_bdd5a.dir/build
gmake[1]: Entering directory '/home/razanh/Inmind/WebRTC/ros2_bags_stream_via_webrtc/build/CMakeFiles/CMakeTmp'
Building CXX object CMakeFiles/cmTC_bdd5a.dir/src.cxx.o
/usr/bin/c++   -fPIC   -fsigned-char -W -Wall -Wreturn-type -Wnon-virtual-dtor -Waddress -Wsequence-point -Wformat -Wformat-security -Wundef -Winit-self -Wpointer-arith -Wshadow -Wsign-promo -Wuninitialized -Wsuggest-override -Wno-delete-non-virtual-dtor -Wno-comment -Wimplicit-fallthrough=3 -Wno-strict-overflow -fdiagnostics-show-option -Wno-long-long -pthread -fomit-frame-pointer -ffunction-sections -fdata-sections  -msse -msse2 -msse3 -fvisibility=hidden -fvisibility-inlines-hidden -Wno-missing-declarations -Wno-unused-parameter  -O3 -DNDEBUG  -DNDEBUG -fPIE    -Wno-missing-prototypes -std=c++11 -o CMakeFiles/cmTC_bdd5a.dir/src.cxx.o -c /home/razanh/Inmind/WebRTC/ros2_bags_stream_via_webrtc/build/CMakeFiles/CMakeTmp/src.cxx
cc1plus: warning: command-line option ‘-Wno-missing-prototypes’ is valid for C/ObjC but not for C++
/home/razanh/Inmind/WebRTC/ros2_bags_stream_via_webrtc/build/CMakeFiles/CMakeTmp/src.cxx:1: warning: ignoring ‘#pragma  ’ [-Wunknown-pragmas]
    1 | #pragma
      | 
Linking CXX executable cmTC_bdd5a
/usr/bin/cmake -E cmake_link_script CMakeFiles/cmTC_bdd5a.dir/link.txt --verbose=1
/usr/bin/c++ -fPIC   -fsigned-char -W -Wall -Wreturn-type -Wnon-virtual-dtor -Waddress -Wsequence-point -Wformat -Wformat-security -Wundef -Winit-self -Wpointer-arith -Wshadow -Wsign-promo -Wuninitialized -Wsuggest-override -Wno-delete-non-virtual-dtor -Wno-comment -Wimplicit-fallthrough=3 -Wno-strict-overflow -fdiagnostics-show-option -Wno-long-long -pthread -fomit-frame-pointer -ffunction-sections -fdata-sections  -msse -msse2 -msse3 -fvisibility=hidden -fvisibility-inlines-hidden -Wno-missing-declarations -Wno-unused-parameter  -O3 -DNDEBUG  -DNDEBUG   -Wl,--gc-sections -Wl,--as-needed -Wl,--no-undefined  CMakeFiles/cmTC_bdd5a.dir/src.cxx.o -o cmTC_bdd5a 
gmake[1]: Leaving directory '/home/razanh/Inmind/WebRTC/ros2_bags_stream_via_webrtc/build/CMakeFiles/CMakeTmp'


===== END =====

Build output check failed:
    Regex: 'unrecognized .*option'
    Output line: 'cc1: note: unrecognized command-line option ‘-Wno-implicit-const-int-float-conversion’ may have been intended to silence earlier diagnostics'
Compilation failed:
    source file: '/home/razanh/Inmind/WebRTC/ros2_bags_stream_via_webrtc/build/CMakeFiles/CMakeTmp/src.c'
    check option: ' -Wno-implicit-const-int-float-conversion'
===== BUILD LOG =====
Change Dir: /home/razanh/Inmind/WebRTC/ros2_bags_stream_via_webrtc/build/CMakeFiles/CMakeTmp

Run Build Command(s):/usr/bin/gmake -f Makefile cmTC_fca69/fast && /usr/bin/gmake  -f CMakeFiles/cmTC_fca69.dir/build.make CMakeFiles/cmTC_fca69.dir/build
gmake[1]: Entering directory '/home/razanh/Inmind/WebRTC/ros2_bags_stream_via_webrtc/build/CMakeFiles/CMakeTmp'
Building C object CMakeFiles/cmTC_fca69.dir/src.c.o
/usr/bin/cc   -fsigned-char -W -Wall -Wreturn-type -Waddress -Wsequence-point -Wformat -Wformat-security -Wmissing-declarations -Wmissing-prototypes -Wstrict-prototypes -Wundef -Winit-self -Wpointer-arith -Wshadow -Wuninitialized -Wno-comment -Wimplicit-fallthrough=3 -Wno-strict-overflow -fdiagnostics-show-option -Wno-long-long -pthread -fomit-frame-pointer -ffunction-sections -fdata-sections  -msse -msse2 -msse3 -fvisibility=hidden  -O3 -DNDEBUG  -DNDEBUG -fPIE    -Wno-implicit-const-int-float-conversion -o CMakeFiles/cmTC_fca69.dir/src.c.o -c /home/razanh/Inmind/WebRTC/ros2_bags_stream_via_webrtc/build/CMakeFiles/CMakeTmp/src.c
/home/razanh/Inmind/WebRTC/ros2_bags_stream_via_webrtc/build/CMakeFiles/CMakeTmp/src.c:1: warning: ignoring ‘#pragma  ’ [-Wunknown-pragmas]
    1 | #pragma
      | 
cc1: note: unrecognized command-line option ‘-Wno-implicit-const-int-float-conversion’ may have been intended to silence earlier diagnostics
Linking C executable cmTC_fca69
/usr/bin/cmake -E cmake_link_script CMakeFiles/cmTC_fca69.dir/link.txt --verbose=1
/usr/bin/cc    -fsigned-char -W -Wall -Wreturn-type -Waddress -Wsequence-point -Wformat -Wformat-security -Wmissing-declarations -Wmissing-prototypes -Wstrict-prototypes -Wundef -Winit-self -Wpointer-arith -Wshadow -Wuninitialized -Wno-comment -Wimplicit-fallthrough=3 -Wno-strict-overflow -fdiagnostics-show-option -Wno-long-long -pthread -fomit-frame-pointer -ffunction-sections -fdata-sections  -msse -msse2 -msse3 -fvisibility=hidden  -O3 -DNDEBUG  -DNDEBUG   -Wl,--gc-sections -Wl,--as-needed -Wl,--no-undefined  CMakeFiles/cmTC_fca69.dir/src.c.o -o cmTC_fca69 
gmake[1]: Leaving directory '/home/razanh/Inmind/WebRTC/ros2_bags_stream_via_webrtc/build/CMakeFiles/CMakeTmp'


===== END =====

Determining if the _aligned_malloc exist failed with the following output:
Change Dir: /home/razanh/Inmind/WebRTC/ros2_bags_stream_via_webrtc/build/CMakeFiles/CMakeTmp

Run Build Command(s):/usr/bin/gmake -f Makefile cmTC_eeb99/fast && /usr/bin/gmake  -f CMakeFiles/cmTC_eeb99.dir/build.make CMakeFiles/cmTC_eeb99.dir/build
gmake[1]: Entering directory '/home/razanh/Inmind/WebRTC/ros2_bags_stream_via_webrtc/build/CMakeFiles/CMakeTmp'
Building C object CMakeFiles/cmTC_eeb99.dir/CheckSymbolExists.c.o
/usr/bin/cc   -fsigned-char -W -Wall -Wreturn-type -Waddress -Wsequence-point -Wformat -Wformat-security -Wmissing-declarations -Wmissing-prototypes -Wstrict-prototypes -Wundef -Winit-self -Wpointer-arith -Wshadow -Wuninitialized -Wno-comment -Wimplicit-fallthrough=3 -Wno-strict-overflow -fdiagnostics-show-option -Wno-long-long -pthread -fomit-frame-pointer -ffunction-sections -fdata-sections  -msse -msse2 -msse3 -fvisibility=hidden -Wno-unused-but-set-variable  -O3 -DNDEBUG  -DNDEBUG -fPIE -o CMakeFiles/cmTC_eeb99.dir/CheckSymbolExists.c.o -c /home/razanh/Inmind/WebRTC/ros2_bags_stream_via_webrtc/build/CMakeFiles/CMakeTmp/CheckSymbolExists.c
/home/razanh/Inmind/WebRTC/ros2_bags_stream_via_webrtc/build/CMakeFiles/CMakeTmp/CheckSymbolExists.c: In function ‘main’:
/home/razanh/Inmind/WebRTC/ros2_bags_stream_via_webrtc/build/CMakeFiles/CMakeTmp/CheckSymbolExists.c:8:19: error: ‘_aligned_malloc’ undeclared (first use in this function)
    8 |   return ((int*)(&_aligned_malloc))[argc];
      |                   ^~~~~~~~~~~~~~~
/home/razanh/Inmind/WebRTC/ros2_bags_stream_via_webrtc/build/CMakeFiles/CMakeTmp/CheckSymbolExists.c:8:19: note: each undeclared identifier is reported only once for each function it appears in
/home/razanh/Inmind/WebRTC/ros2_bags_stream_via_webrtc/build/CMakeFiles/CMakeTmp/CheckSymbolExists.c:4:14: warning: parameter ‘argc’ set but not used [-Wunused-but-set-parameter]
    4 | int main(int argc, char** argv)
      |          ~~~~^~~~
gmake[1]: *** [CMakeFiles/cmTC_eeb99.dir/build.make:78: CMakeFiles/cmTC_eeb99.dir/CheckSymbolExists.c.o] Error 1
gmake[1]: Leaving directory '/home/razanh/Inmind/WebRTC/ros2_bags_stream_via_webrtc/build/CMakeFiles/CMakeTmp'
gmake: *** [Makefile:127: cmTC_eeb99/fast] Error 2


File /home/razanh/Inmind/WebRTC/ros2_bags_stream_via_webrtc/build/CMakeFiles/CMakeTmp/CheckSymbolExists.c:
/* */
#include <malloc.h>

int main(int argc, char** argv)
{
  (void)argv;
#ifndef _aligned_malloc
  return ((int*)(&_aligned_malloc))[argc];
#else
  (void)argc;
  return 0;
#endif
}
Build output check failed:
    Regex: 'unrecognized .*option'
    Output line: 'cc1: note: unrecognized command-line option ‘-Wno-null-pointer-subtraction’ may have been intended to silence earlier diagnostics'
Compilation failed:
    source file: '/home/razanh/Inmind/WebRTC/ros2_bags_stream_via_webrtc/build/CMakeFiles/CMakeTmp/src.c'
    check option: ' -Wno-null-pointer-subtraction'
===== BUILD LOG =====
Change Dir: /home/razanh/Inmind/WebRTC/ros2_bags_stream_via_webrtc/build/CMakeFiles/CMakeTmp

Run Build Command(s):/usr/bin/gmake -f Makefile cmTC_c0beb/fast && /usr/bin/gmake  -f CMakeFiles/cmTC_c0beb.dir/build.make CMakeFiles/cmTC_c0beb.dir/build
gmake[1]: Entering directory '/home/razanh/Inmind/WebRTC/ros2_bags_stream_via_webrtc/build/CMakeFiles/CMakeTmp'
Building C object CMakeFiles/cmTC_c0beb.dir/src.c.o
/usr/bin/cc   -fsigned-char -W -Wall -Wreturn-type -Waddress -Wsequence-point -Wformat -Wformat-security -Wmissing-declarations -Wmissing-prototypes -Wstrict-prototypes -Winit-self -Wpointer-arith -Wshadow -Wuninitialized -Wno-comment -Wno-strict-overflow -fdiagnostics-show-option -Wno-long-long -pthread -fomit-frame-pointer -ffunction-sections -fdata-sections  -msse -msse2 -msse3 -fvisibility=hidden -Wno-undef -Wno-cast-align -Wno-implicit-fallthrough -Wno-unused-parameter -Wno-sign-compare -Wno-maybe-uninitialized  -O3 -DNDEBUG  -DNDEBUG -fPIE    -Wno-null-pointer-subtraction -o CMakeFiles/cmTC_c0beb.dir/src.c.o -c /home/razanh/Inmind/WebRTC/ros2_bags_stream_via_webrtc/build/CMakeFiles/CMakeTmp/src.c
/home/razanh/Inmind/WebRTC/ros2_bags_stream_via_webrtc/build/CMakeFiles/CMakeTmp/src.c:1: warning: ignoring ‘#pragma  ’ [-Wunknown-pragmas]
    1 | #pragma
      | 
cc1: note: unrecognized command-line option ‘-Wno-null-pointer-subtraction’ may have been intended to silence earlier diagnostics
Linking C executable cmTC_c0beb
/usr/bin/cmake -E cmake_link_script CMakeFiles/cmTC_c0beb.dir/link.txt --verbose=1
/usr/bin/cc    -fsigned-char -W -Wall -Wreturn-type -Waddress -Wsequence-point -Wformat -Wformat-security -Wmissing-declarations -Wmissing-prototypes -Wstrict-prototypes -Winit-self -Wpointer-arith -Wshadow -Wuninitialized -Wno-comment -Wno-strict-overflow -fdiagnostics-show-option -Wno-long-long -pthread -fomit-frame-pointer -ffunction-sections -fdata-sections  -msse -msse2 -msse3 -fvisibility=hidden -Wno-undef -Wno-cast-align -Wno-implicit-fallthrough -Wno-unused-parameter -Wno-sign-compare -Wno-maybe-uninitialized  -O3 -DNDEBUG  -DNDEBUG   -Wl,--gc-sections -Wl,--as-needed -Wl,--no-undefined  CMakeFiles/cmTC_c0beb.dir/src.c.o -o cmTC_c0beb 
gmake[1]: Leaving directory '/home/razanh/Inmind/WebRTC/ros2_bags_stream_via_webrtc/build/CMakeFiles/CMakeTmp'


===== END =====

Determining if the function sgemm_ exists failed with the following output:
Change Dir: /home/razanh/Inmind/WebRTC/ros2_bags_stream_via_webrtc/build/CMakeFiles/CMakeTmp

Run Build Command(s):/usr/bin/gmake -f Makefile cmTC_9e0f1/fast && /usr/bin/gmake  -f CMakeFiles/cmTC_9e0f1.dir/build.make CMakeFiles/cmTC_9e0f1.dir/build
gmake[1]: Entering directory '/home/razanh/Inmind/WebRTC/ros2_bags_stream_via_webrtc/build/CMakeFiles/CMakeTmp'
Building C object CMakeFiles/cmTC_9e0f1.dir/CheckFunctionExists.c.o
/usr/bin/cc   -fsigned-char -W -Wall -Wreturn-type -Waddress -Wsequence-point -Wformat -Wformat-security -Wmissing-declarations -Wmissing-prototypes -Wstrict-prototypes -Wundef -Winit-self -Wpointer-arith -Wshadow -Wuninitialized -Wno-comment -Wimplicit-fallthrough=3 -Wno-strict-overflow -fdiagnostics-show-option -Wno-long-long -pthread -fomit-frame-pointer -ffunction-sections -fdata-sections  -msse -msse2 -msse3 -fvisibility=hidden -DCHECK_FUNCTION_EXISTS=sgemm_ -O3 -DNDEBUG  -DNDEBUG -fPIE -o CMakeFiles/cmTC_9e0f1.dir/CheckFunctionExists.c.o -c /usr/share/cmake-3.22/Modules/CheckFunctionExists.c
Linking C executable cmTC_9e0f1
/usr/bin/cmake -E cmake_link_script CMakeFiles/cmTC_9e0f1.dir/link.txt --verbose=1
/usr/bin/cc    -fsigned-char -W -Wall -Wreturn-type -Waddress -Wsequence-point -Wformat -Wformat-security -Wmissing-declarations -Wmissing-prototypes -Wstrict-prototypes -Wundef -Winit-self -Wpointer-arith -Wshadow -Wuninitialized -Wno-comment -Wimplicit-fallthrough=3 -Wno-strict-overflow -fdiagnostics-show-option -Wno-long-long -pthread -fomit-frame-pointer -ffunction-sections -fdata-sections  -msse -msse2 -msse3 -fvisibility=hidden -DCHECK_FUNCTION_EXISTS=sgemm_ -O3 -DNDEBUG  -DNDEBUG   -Wl,--gc-sections -Wl,--as-needed -Wl,--no-undefined  CMakeFiles/cmTC_9e0f1.dir/CheckFunctionExists.c.o -o cmTC_9e0f1 
/usr/bin/ld: CMakeFiles/cmTC_9e0f1.dir/CheckFunctionExists.c.o: in function `main':
CheckFunctionExists.c:(.text.startup.main+0x10): undefined reference to `sgemm_'
collect2: error: ld returned 1 exit status
gmake[1]: *** [CMakeFiles/cmTC_9e0f1.dir/build.make:99: cmTC_9e0f1] Error 1
gmake[1]: Leaving directory '/home/razanh/Inmind/WebRTC/ros2_bags_stream_via_webrtc/build/CMakeFiles/CMakeTmp'
gmake: *** [Makefile:127: cmTC_9e0f1/fast] Error 2



Determining if the function cheev_ exists failed with the following output:
Change Dir: /home/razanh/Inmind/WebRTC/ros2_bags_stream_via_webrtc/build/CMakeFiles/CMakeTmp

Run Build Command(s):/usr/bin/gmake -f Makefile cmTC_f3540/fast && /usr/bin/gmake  -f CMakeFiles/cmTC_f3540.dir/build.make CMakeFiles/cmTC_f3540.dir/build
gmake[1]: Entering directory '/home/razanh/Inmind/WebRTC/ros2_bags_stream_via_webrtc/build/CMakeFiles/CMakeTmp'
Building C object CMakeFiles/cmTC_f3540.dir/CheckFunctionExists.c.o
/usr/bin/cc   -fsigned-char -W -Wall -Wreturn-type -Waddress -Wsequence-point -Wformat -Wformat-security -Wmissing-declarations -Wmissing-prototypes -Wstrict-prototypes -Wundef -Winit-self -Wpointer-arith -Wshadow -Wuninitialized -Wno-comment -Wimplicit-fallthrough=3 -Wno-strict-overflow -fdiagnostics-show-option -Wno-long-long -pthread -fomit-frame-pointer -ffunction-sections -fdata-sections  -msse -msse2 -msse3 -fvisibility=hidden -DCHECK_FUNCTION_EXISTS=cheev_ -O3 -DNDEBUG  -DNDEBUG -fPIE -o CMakeFiles/cmTC_f3540.dir/CheckFunctionExists.c.o -c /usr/share/cmake-3.22/Modules/CheckFunctionExists.c
Linking C executable cmTC_f3540
/usr/bin/cmake -E cmake_link_script CMakeFiles/cmTC_f3540.dir/link.txt --verbose=1
/usr/bin/cc    -fsigned-char -W -Wall -Wreturn-type -Waddress -Wsequence-point -Wformat -Wformat-security -Wmissing-declarations -Wmissing-prototypes -Wstrict-prototypes -Wundef -Winit-self -Wpointer-arith -Wshadow -Wuninitialized -Wno-comment -Wimplicit-fallthrough=3 -Wno-strict-overflow -fdiagnostics-show-option -Wno-long-long -pthread -fomit-frame-pointer -ffunction-sections -fdata-sections  -msse -msse2 -msse3 -fvisibility=hidden -DCHECK_FUNCTION_EXISTS=cheev_ -O3 -DNDEBUG  -DNDEBUG   -Wl,--gc-sections -Wl,--as-needed -Wl,--no-undefined  CMakeFiles/cmTC_f3540.dir/CheckFunctionExists.c.o -o cmTC_f3540  /usr/lib/x86_64-linux-gnu/libblas.so -lm -ldl 
/usr/bin/ld: CMakeFiles/cmTC_f3540.dir/CheckFunctionExists.c.o: in function `main':
CheckFunctionExists.c:(.text.startup.main+0x10): undefined reference to `cheev_'
collect2: error: ld returned 1 exit status
gmake[1]: *** [CMakeFiles/cmTC_f3540.dir/build.make:100: cmTC_f3540] Error 1
gmake[1]: Leaving directory '/home/razanh/Inmind/WebRTC/ros2_bags_stream_via_webrtc/build/CMakeFiles/CMakeTmp'
gmake: *** [Makefile:127: cmTC_f3540/fast] Error 2



Determining if the function cheev_ exists failed with the following output:
Change Dir: /home/razanh/Inmind/WebRTC/ros2_bags_stream_via_webrtc/build/CMakeFiles/CMakeTmp

Run Build Command(s):/usr/bin/gmake -f Makefile cmTC_4d683/fast && /usr/bin/gmake  -f CMakeFiles/cmTC_4d683.dir/build.make CMakeFiles/cmTC_4d683.dir/build
gmake[1]: Entering directory '/home/razanh/Inmind/WebRTC/ros2_bags_stream_via_webrtc/build/CMakeFiles/CMakeTmp'
Building C object CMakeFiles/cmTC_4d683.dir/CheckFunctionExists.c.o
/usr/bin/cc   -fsigned-char -W -Wall -Wreturn-type -Waddress -Wsequence-point -Wformat -Wformat-security -Wmissing-declarations -Wmissing-prototypes -Wstrict-prototypes -Wundef -Winit-self -Wpointer-arith -Wshadow -Wuninitialized -Wno-comment -Wimplicit-fallthrough=3 -Wno-strict-overflow -fdiagnostics-show-option -Wno-long-long -pthread -fomit-frame-pointer -ffunction-sections -fdata-sections  -msse -msse2 -msse3 -fvisibility=hidden -DCHECK_FUNCTION_EXISTS=cheev_ -O3 -DNDEBUG  -DNDEBUG -fPIE -o CMakeFiles/cmTC_4d683.dir/CheckFunctionExists.c.o -c /usr/share/cmake-3.22/Modules/CheckFunctionExists.c
Linking C executable cmTC_4d683
/usr/bin/cmake -E cmake_link_script CMakeFiles/cmTC_4d683.dir/link.txt --verbose=1
/usr/bin/cc    -fsigned-char -W -Wall -Wreturn-type -Waddress -Wsequence-point -Wformat -Wformat-security -Wmissing-declarations -Wmissing-prototypes -Wstrict-prototypes -Wundef -Winit-self -Wpointer-arith -Wshadow -Wuninitialized -Wno-comment -Wimplicit-fallthrough=3 -Wno-strict-overflow -fdiagnostics-show-option -Wno-long-long -pthread -fomit-frame-pointer -ffunction-sections -fdata-sections  -msse -msse2 -msse3 -fvisibility=hidden -DCHECK_FUNCTION_EXISTS=cheev_ -O3 -DNDEBUG  -DNDEBUG   -Wl,--gc-sections -Wl,--as-needed -Wl,--no-undefined  CMakeFiles/cmTC_4d683.dir/CheckFunctionExists.c.o -o cmTC_4d683  /usr/lib/x86_64-linux-gnu/liblapack.so /usr/lib/x86_64-linux-gnu/libblas.so -fortranlibs 
cc: error: unrecognized command-line option ‘-fortranlibs’
gmake[1]: *** [CMakeFiles/cmTC_4d683.dir/build.make:101: cmTC_4d683] Error 1
gmake[1]: Leaving directory '/home/razanh/Inmind/WebRTC/ros2_bags_stream_via_webrtc/build/CMakeFiles/CMakeTmp'
gmake: *** [Makefile:127: cmTC_4d683/fast] Error 2



Build output check failed:
    Regex: 'unrecognized .*option'
    Output line: 'cc1plus: note: unrecognized command-line option ‘-Wno-tautological-undefined-compare’ may have been intended to silence earlier diagnostics'
Compilation failed:
    source file: '/home/razanh/Inmind/WebRTC/ros2_bags_stream_via_webrtc/build/CMakeFiles/CMakeTmp/src.cxx'
    check option: ' -Wno-tautological-undefined-compare'
===== BUILD LOG =====
Change Dir: /home/razanh/Inmind/WebRTC/ros2_bags_stream_via_webrtc/build/CMakeFiles/CMakeTmp

Run Build Command(s):/usr/bin/gmake -f Makefile cmTC_d0788/fast && /usr/bin/gmake  -f CMakeFiles/cmTC_d0788.dir/build.make CMakeFiles/cmTC_d0788.dir/build
gmake[1]: Entering directory '/home/razanh/Inmind/WebRTC/ros2_bags_stream_via_webrtc/build/CMakeFiles/CMakeTmp'
Building CXX object CMakeFiles/cmTC_d0788.dir/src.cxx.o
/usr/bin/c++   -fPIC   -fsigned-char -W -Wall -Wreturn-type -Wnon-virtual-dtor -Waddress -Wsequence-point -Wformat -Wformat-security -Winit-self -Wpointer-arith -Wuninitialized -Wsuggest-override -Wno-delete-non-virtual-dtor -Wno-comment -Wimplicit-fallthrough=3 -Wno-strict-overflow -fdiagnostics-show-option -Wno-long-long -pthread -fomit-frame-pointer -ffunction-sections -fdata-sections  -msse -msse2 -msse3 -fvisibility=hidden -fvisibility-inlines-hidden -Wno-deprecated -Wno-missing-declarations -Wno-shadow -Wno-unused-parameter -Wno-unused-local-typedefs -Wno-sign-compare -Wno-sign-promo -Wno-undef  -O3 -DNDEBUG  -DNDEBUG -fPIE    -Wno-tautological-undefined-compare -std=c++11 -o CMakeFiles/cmTC_d0788.dir/src.cxx.o -c /home/razanh/Inmind/WebRTC/ros2_bags_stream_via_webrtc/build/CMakeFiles/CMakeTmp/src.cxx
/home/razanh/Inmind/WebRTC/ros2_bags_stream_via_webrtc/build/CMakeFiles/CMakeTmp/src.cxx:1: warning: ignoring ‘#pragma  ’ [-Wunknown-pragmas]
    1 | #pragma
      | 
cc1plus: note: unrecognized command-line option ‘-Wno-tautological-undefined-compare’ may have been intended to silence earlier diagnostics
Linking CXX executable cmTC_d0788
/usr/bin/cmake -E cmake_link_script CMakeFiles/cmTC_d0788.dir/link.txt --verbose=1
/usr/bin/c++ -fPIC   -fsigned-char -W -Wall -Wreturn-type -Wnon-virtual-dtor -Waddress -Wsequence-point -Wformat -Wformat-security -Winit-self -Wpointer-arith -Wuninitialized -Wsuggest-override -Wno-delete-non-virtual-dtor -Wno-comment -Wimplicit-fallthrough=3 -Wno-strict-overflow -fdiagnostics-show-option -Wno-long-long -pthread -fomit-frame-pointer -ffunction-sections -fdata-sections  -msse -msse2 -msse3 -fvisibility=hidden -fvisibility-inlines-hidden -Wno-deprecated -Wno-missing-declarations -Wno-shadow -Wno-unused-parameter -Wno-unused-local-typedefs -Wno-sign-compare -Wno-sign-promo -Wno-undef  -O3 -DNDEBUG  -DNDEBUG   -Wl,--gc-sections -Wl,--as-needed -Wl,--no-undefined  CMakeFiles/cmTC_d0788.dir/src.cxx.o -o cmTC_d0788 
gmake[1]: Leaving directory '/home/razanh/Inmind/WebRTC/ros2_bags_stream_via_webrtc/build/CMakeFiles/CMakeTmp'


===== END =====

Build output check failed:
    Regex: 'unrecognized .*option'
    Output line: 'cc1plus: note: unrecognized command-line option ‘-Wno-shorten-64-to-32’ may have been intended to silence earlier diagnostics'
Compilation failed:
    source file: '/home/razanh/Inmind/WebRTC/ros2_bags_stream_via_webrtc/build/CMakeFiles/CMakeTmp/src.cxx'
    check option: ' -Wno-shorten-64-to-32'
===== BUILD LOG =====
Change Dir: /home/razanh/Inmind/WebRTC/ros2_bags_stream_via_webrtc/build/CMakeFiles/CMakeTmp

Run Build Command(s):/usr/bin/gmake -f Makefile cmTC_491f6/fast && /usr/bin/gmake  -f CMakeFiles/cmTC_491f6.dir/build.make CMakeFiles/cmTC_491f6.dir/build
gmake[1]: Entering directory '/home/razanh/Inmind/WebRTC/ros2_bags_stream_via_webrtc/build/CMakeFiles/CMakeTmp'
Building CXX object CMakeFiles/cmTC_491f6.dir/src.cxx.o
/usr/bin/c++   -fPIC   -fsigned-char -W -Wall -Wreturn-type -Wnon-virtual-dtor -Waddress -Wsequence-point -Wformat -Wformat-security -Winit-self -Wpointer-arith -Wuninitialized -Wsuggest-override -Wno-delete-non-virtual-dtor -Wno-comment -Wimplicit-fallthrough=3 -Wno-strict-overflow -fdiagnostics-show-option -Wno-long-long -pthread -fomit-frame-pointer -ffunction-sections -fdata-sections  -msse -msse2 -msse3 -fvisibility=hidden -fvisibility-inlines-hidden -Wno-deprecated -Wno-missing-declarations -Wno-shadow -Wno-unused-parameter -Wno-unused-local-typedefs -Wno-sign-compare -Wno-sign-promo -Wno-undef -Wno-ignored-qualifiers -Wno-extra -Wno-unused-function -Wno-unused-const-variable  -O3 -DNDEBUG  -DNDEBUG -fPIE    -Wno-shorten-64-to-32 -std=c++11 -o CMakeFiles/cmTC_491f6.dir/src.cxx.o -c /home/razanh/Inmind/WebRTC/ros2_bags_stream_via_webrtc/build/CMakeFiles/CMakeTmp/src.cxx
/home/razanh/Inmind/WebRTC/ros2_bags_stream_via_webrtc/build/CMakeFiles/CMakeTmp/src.cxx:1: warning: ignoring ‘#pragma  ’ [-Wunknown-pragmas]
    1 | #pragma
      | 
cc1plus: note: unrecognized command-line option ‘-Wno-shorten-64-to-32’ may have been intended to silence earlier diagnostics
Linking CXX executable cmTC_491f6
/usr/bin/cmake -E cmake_link_script CMakeFiles/cmTC_491f6.dir/link.txt --verbose=1
/usr/bin/c++ -fPIC   -fsigned-char -W -Wall -Wreturn-type -Wnon-virtual-dtor -Waddress -Wsequence-point -Wformat -Wformat-security -Winit-self -Wpointer-arith -Wuninitialized -Wsuggest-override -Wno-delete-non-virtual-dtor -Wno-comment -Wimplicit-fallthrough=3 -Wno-strict-overflow -fdiagnostics-show-option -Wno-long-long -pthread -fomit-frame-pointer -ffunction-sections -fdata-sections  -msse -msse2 -msse3 -fvisibility=hidden -fvisibility-inlines-hidden -Wno-deprecated -Wno-missing-declarations -Wno-shadow -Wno-unused-parameter -Wno-unused-local-typedefs -Wno-sign-compare -Wno-sign-promo -Wno-undef -Wno-ignored-qualifiers -Wno-extra -Wno-unused-function -Wno-unused-const-variable  -O3 -DNDEBUG  -DNDEBUG   -Wl,--gc-sections -Wl,--as-needed -Wl,--no-undefined  CMakeFiles/cmTC_491f6.dir/src.cxx.o -o cmTC_491f6 
gmake[1]: Leaving directory '/home/razanh/Inmind/WebRTC/ros2_bags_stream_via_webrtc/build/CMakeFiles/CMakeTmp'


===== END =====

Build output check failed:
    Regex: 'unrecognized .*option'
    Output line: 'cc1plus: note: unrecognized command-line option ‘-Wno-enum-compare-switch’ may have been intended to silence earlier diagnostics'
Compilation failed:
    source file: '/home/razanh/Inmind/WebRTC/ros2_bags_stream_via_webrtc/build/CMakeFiles/CMakeTmp/src.cxx'
    check option: ' -Wno-enum-compare-switch'
===== BUILD LOG =====
Change Dir: /home/razanh/Inmind/WebRTC/ros2_bags_stream_via_webrtc/build/CMakeFiles/CMakeTmp

Run Build Command(s):/usr/bin/gmake -f Makefile cmTC_db610/fast && /usr/bin/gmake  -f CMakeFiles/cmTC_db610.dir/build.make CMakeFiles/cmTC_db610.dir/build
gmake[1]: Entering directory '/home/razanh/Inmind/WebRTC/ros2_bags_stream_via_webrtc/build/CMakeFiles/CMakeTmp'
Building CXX object CMakeFiles/cmTC_db610.dir/src.cxx.o
/usr/bin/c++   -fPIC   -fsigned-char -W -Wall -Wreturn-type -Wnon-virtual-dtor -Waddress -Wsequence-point -Wformat -Wformat-security -Winit-self -Wpointer-arith -Wuninitialized -Wsuggest-override -Wno-delete-non-virtual-dtor -Wno-comment -Wimplicit-fallthrough=3 -Wno-strict-overflow -fdiagnostics-show-option -Wno-long-long -pthread -fomit-frame-pointer -ffunction-sections -fdata-sections  -msse -msse2 -msse3 -fvisibility=hidden -fvisibility-inlines-hidden -Wno-deprecated -Wno-missing-declarations -Wno-shadow -Wno-unused-parameter -Wno-unused-local-typedefs -Wno-sign-compare -Wno-sign-promo -Wno-undef -Wno-ignored-qualifiers -Wno-extra -Wno-unused-function -Wno-unused-const-variable -Wno-invalid-offsetof  -O3 -DNDEBUG  -DNDEBUG -fPIE    -Wno-enum-compare-switch -std=c++11 -o CMakeFiles/cmTC_db610.dir/src.cxx.o -c /home/razanh/Inmind/WebRTC/ros2_bags_stream_via_webrtc/build/CMakeFiles/CMakeTmp/src.cxx
/home/razanh/Inmind/WebRTC/ros2_bags_stream_via_webrtc/build/CMakeFiles/CMakeTmp/src.cxx:1: warning: ignoring ‘#pragma  ’ [-Wunknown-pragmas]
    1 | #pragma
      | 
cc1plus: note: unrecognized command-line option ‘-Wno-enum-compare-switch’ may have been intended to silence earlier diagnostics
Linking CXX executable cmTC_db610
/usr/bin/cmake -E cmake_link_script CMakeFiles/cmTC_db610.dir/link.txt --verbose=1
/usr/bin/c++ -fPIC   -fsigned-char -W -Wall -Wreturn-type -Wnon-virtual-dtor -Waddress -Wsequence-point -Wformat -Wformat-security -Winit-self -Wpointer-arith -Wuninitialized -Wsuggest-override -Wno-delete-non-virtual-dtor -Wno-comment -Wimplicit-fallthrough=3 -Wno-strict-overflow -fdiagnostics-show-option -Wno-long-long -pthread -fomit-frame-pointer -ffunction-sections -fdata-sections  -msse -msse2 -msse3 -fvisibility=hidden -fvisibility-inlines-hidden -Wno-deprecated -Wno-missing-declarations -Wno-shadow -Wno-unused-parameter -Wno-unused-local-typedefs -Wno-sign-compare -Wno-sign-promo -Wno-undef -Wno-ignored-qualifiers -Wno-extra -Wno-unused-function -Wno-unused-const-variable -Wno-invalid-offsetof  -O3 -DNDEBUG  -DNDEBUG   -Wl,--gc-sections -Wl,--as-needed -Wl,--no-undefined  CMakeFiles/cmTC_db610.dir/src.cxx.o -o cmTC_db610 
gmake[1]: Leaving directory '/home/razanh/Inmind/WebRTC/ros2_bags_stream_via_webrtc/build/CMakeFiles/CMakeTmp'


===== END =====

Build output check failed:
    Regex: 'unrecognized .*option'
    Output line: 'cc1plus: note: unrecognized command-line option ‘-Wno-inconsistent-missing-override’ may have been intended to silence earlier diagnostics'
Compilation failed:
    source file: '/home/razanh/Inmind/WebRTC/ros2_bags_stream_via_webrtc/build/CMakeFiles/CMakeTmp/src.cxx'
    check option: ' -Wno-inconsistent-missing-override'
===== BUILD LOG =====
Change Dir: /home/razanh/Inmind/WebRTC/ros2_bags_stream_via_webrtc/build/CMakeFiles/CMakeTmp

Run Build Command(s):/usr/bin/gmake -f Makefile cmTC_86cea/fast && /usr/bin/gmake  -f CMakeFiles/cmTC_86cea.dir/build.make CMakeFiles/cmTC_86cea.dir/build
gmake[1]: Entering directory '/home/razanh/Inmind/WebRTC/ros2_bags_stream_via_webrtc/build/CMakeFiles/CMakeTmp'
Building CXX object CMakeFiles/cmTC_86cea.dir/src.cxx.o
/usr/bin/c++   -fPIC   -fsigned-char -W -Wall -Wreturn-type -Wnon-virtual-dtor -Waddress -Wsequence-point -Wformat -Wformat-security -Winit-self -Wpointer-arith -Wuninitialized -Wno-delete-non-virtual-dtor -Wno-comment -Wimplicit-fallthrough=3 -Wno-strict-overflow -fdiagnostics-show-option -Wno-long-long -pthread -fomit-frame-pointer -ffunction-sections -fdata-sections  -msse -msse2 -msse3 -fvisibility=hidden -fvisibility-inlines-hidden -Wno-deprecated -Wno-missing-declarations -Wno-shadow -Wno-unused-parameter -Wno-unused-local-typedefs -Wno-sign-compare -Wno-sign-promo -Wno-undef -Wno-ignored-qualifiers -Wno-extra -Wno-unused-function -Wno-unused-const-variable -Wno-invalid-offsetof -Wno-suggest-override  -O3 -DNDEBUG  -DNDEBUG -fPIE    -Wno-inconsistent-missing-override -std=c++11 -o CMakeFiles/cmTC_86cea.dir/src.cxx.o -c /home/razanh/Inmind/WebRTC/ros2_bags_stream_via_webrtc/build/CMakeFiles/CMakeTmp/src.cxx
/home/razanh/Inmind/WebRTC/ros2_bags_stream_via_webrtc/build/CMakeFiles/CMakeTmp/src.cxx:1: warning: ignoring ‘#pragma  ’ [-Wunknown-pragmas]
    1 | #pragma
      | 
cc1plus: note: unrecognized command-line option ‘-Wno-inconsistent-missing-override’ may have been intended to silence earlier diagnostics
Linking CXX executable cmTC_86cea
/usr/bin/cmake -E cmake_link_script CMakeFiles/cmTC_86cea.dir/link.txt --verbose=1
/usr/bin/c++ -fPIC   -fsigned-char -W -Wall -Wreturn-type -Wnon-virtual-dtor -Waddress -Wsequence-point -Wformat -Wformat-security -Winit-self -Wpointer-arith -Wuninitialized -Wno-delete-non-virtual-dtor -Wno-comment -Wimplicit-fallthrough=3 -Wno-strict-overflow -fdiagnostics-show-option -Wno-long-long -pthread -fomit-frame-pointer -ffunction-sections -fdata-sections  -msse -msse2 -msse3 -fvisibility=hidden -fvisibility-inlines-hidden -Wno-deprecated -Wno-missing-declarations -Wno-shadow -Wno-unused-parameter -Wno-unused-local-typedefs -Wno-sign-compare -Wno-sign-promo -Wno-undef -Wno-ignored-qualifiers -Wno-extra -Wno-unused-function -Wno-unused-const-variable -Wno-invalid-offsetof -Wno-suggest-override  -O3 -DNDEBUG  -DNDEBUG   -Wl,--gc-sections -Wl,--as-needed -Wl,--no-undefined  CMakeFiles/cmTC_86cea.dir/src.cxx.o -o cmTC_86cea 
gmake[1]: Leaving directory '/home/razanh/Inmind/WebRTC/ros2_bags_stream_via_webrtc/build/CMakeFiles/CMakeTmp'


===== END =====

Determining if the include file sys/videoio.h exists failed with the following output:
Change Dir: /home/razanh/Inmind/WebRTC/ros2_bags_stream_via_webrtc/build/CMakeFiles/CMakeTmp

Run Build Command(s):/usr/bin/gmake -f Makefile cmTC_c0ef2/fast && /usr/bin/gmake  -f CMakeFiles/cmTC_c0ef2.dir/build.make CMakeFiles/cmTC_c0ef2.dir/build
gmake[1]: Entering directory '/home/razanh/Inmind/WebRTC/ros2_bags_stream_via_webrtc/build/CMakeFiles/CMakeTmp'
Building C object CMakeFiles/cmTC_c0ef2.dir/CheckIncludeFile.c.o
/usr/bin/cc   -fsigned-char -W -Wall -Wreturn-type -Waddress -Wsequence-point -Wformat -Wformat-security -Wmissing-declarations -Wmissing-prototypes -Wstrict-prototypes -Wundef -Winit-self -Wpointer-arith -Wshadow -Wuninitialized -Wno-comment -Wimplicit-fallthrough=3 -Wno-strict-overflow -fdiagnostics-show-option -Wno-long-long -pthread -fomit-frame-pointer -ffunction-sections -fdata-sections  -msse -msse2 -msse3 -fvisibility=hidden  -O3 -DNDEBUG  -DNDEBUG -fPIE -o CMakeFiles/cmTC_c0ef2.dir/CheckIncludeFile.c.o -c /home/razanh/Inmind/WebRTC/ros2_bags_stream_via_webrtc/build/CMakeFiles/CMakeTmp/CheckIncludeFile.c
/home/razanh/Inmind/WebRTC/ros2_bags_stream_via_webrtc/build/CMakeFiles/CMakeTmp/CheckIncludeFile.c:1:10: fatal error: sys/videoio.h: No such file or directory
    1 | #include <sys/videoio.h>
      |          ^~~~~~~~~~~~~~~
compilation terminated.
gmake[1]: *** [CMakeFiles/cmTC_c0ef2.dir/build.make:78: CMakeFiles/cmTC_c0ef2.dir/CheckIncludeFile.c.o] Error 1
gmake[1]: Leaving directory '/home/razanh/Inmind/WebRTC/ros2_bags_stream_via_webrtc/build/CMakeFiles/CMakeTmp'
gmake: *** [Makefile:127: cmTC_c0ef2/fast] Error 2



